// Jest Snapshot v1, https://goo.gl/fbAQLP

exports[`CarouselSlide renders correctly 1`] = `
<CarouselSlide__Figure>
  <CarouselSlide__Img
    imgHeight={600}
    src="https://example.com/default.jpg"
  />
  <figcaption>
    <strong>
      description
    </strong>
     
    attribution
  </figcaption>
</CarouselSlide__Figure>
`;

exports[`Img renders correctly 1`] = `
.c0 {
  object-fit: cover;
  width: 100%;
  height: 500px;
}

<img
  className="c0"
  src="https//whatever.com/123"
/>
`;
